Warning, we remap HCA sources to SRA to be able to reuse the SRA experimentId
Warning, we remap EBI source to ENA as it is the name of the source in the database
Warning, we remap EBI source to ENA as it is the name of the source in the database
Warning, we remap EBI source to ENA as it is the name of the source in the database
Warning, we remap EBI source to ENA as it is the name of the source in the database
Warning, we remap EBI source to ENA as it is the name of the source in the database
Warning, we remap EBI source to ENA as it is the name of the source in the database
Warning, we remap EBI source to ENA as it is the name of the source in the database
Warning, we remap EBI source to ENA as it is the name of the source in the database
Warning, we remap EBI source to ENA as it is the name of the source in the database
Warning, we remap EBI source to ENA as it is the name of the source in the database
Warning, we remap EBI source to ENA as it is the name of the source in the database
Warning, we remap EBI source to ENA as it is the name of the source in the database
Warning, we remap EBI source to ENA as it is the name of the source in the database
Warning, we remap EBI source to ENA as it is the name of the source in the database
Warning, we remap EBI source to ENA as it is the name of the source in the database
Warning, we remap EBI source to ENA as it is the name of the source in the database
Warning, we remap EBI source to ENA as it is the name of the source in the database
Warning, we remap EBI source to ENA as it is the name of the source in the database
Warning, we remap EBI source to ENA as it is the name of the source in the database
authorCellTypeAnnotation is empty for library ERX6700420 and celltype CL:0000000. The library/celltype is not discarded.
authorCellTypeAnnotation is empty for library ERX6700421 and celltype CL:0000000. The library/celltype is not discarded.
authorCellTypeAnnotation is empty for library ERX6700422 and celltype CL:0000000. The library/celltype is not discarded.
authorCellTypeAnnotation is empty for library ERX6700423 and celltype CL:0000000. The library/celltype is not discarded.
authorCellTypeAnnotation is empty for library ERX6700425 and celltype CL:0000000. The library/celltype is not discarded.
authorCellTypeAnnotation is empty for library ERX6700426 and celltype CL:0000000. The library/celltype is not discarded.
authorCellTypeAnnotation is empty for library ERX6700427 and celltype CL:0000000. The library/celltype is not discarded.
authorCellTypeAnnotation is empty for library ERX6700428 and celltype CL:0000000. The library/celltype is not discarded.
authorCellTypeAnnotation is empty for library ERX6700429 and celltype CL:0000000. The library/celltype is not discarded.
authorCellTypeAnnotation is empty for library ERX6700430 and celltype CL:0000000. The library/celltype is not discarded.
authorCellTypeAnnotation is empty for library ERX6700431 and celltype CL:0000000. The library/celltype is not discarded.
authorCellTypeAnnotation is empty for library ERX6700432 and celltype CL:0000000. The library/celltype is not discarded.
authorCellTypeAnnotation is empty for library ERX6700543 and celltype CL:0000000. The library/celltype is not discarded.
authorCellTypeAnnotation is empty for library ERX6700544 and celltype CL:0000000. The library/celltype is not discarded.
calls summary file not generated for library ERX3984854. The library is not inserted. at 3Insertion/insert_scrna_seq.pl line 333.
calls summary file not generated for library ERX3984875. The library is not inserted. at 3Insertion/insert_scrna_seq.pl line 333.
pipeline report file not generated for library ERX6700418. The library is not inserted. at 3Insertion/insert_scrna_seq.pl line 329.
pipeline report file not generated for library ERX6700419. The library is not inserted. at 3Insertion/insert_scrna_seq.pl line 329.
calls summary file not generated for library SRX12770673. The library is not inserted. at 3Insertion/insert_scrna_seq.pl line 333.
calls summary file not generated for library SRX12770674. The library is not inserted. at 3Insertion/insert_scrna_seq.pl line 333.
calls summary file not generated for library SRX12770675. The library is not inserted. at 3Insertion/insert_scrna_seq.pl line 333.
calls summary file not generated for library SRX12770676. The library is not inserted. at 3Insertion/insert_scrna_seq.pl line 333.
calls summary file not generated for library SRX12770677. The library is not inserted. at 3Insertion/insert_scrna_seq.pl line 333.
calls summary file not generated for library SRX12770678. The library is not inserted. at 3Insertion/insert_scrna_seq.pl line 333.
