unxz: /data/FAC/FBM/DEE/mrobinso/bgee_sensitive///rna_seq/GTF_16//Callithrix_jacchus.mCalJac1.pat.X.single_nucleus.tx2gene: File exists
unxz: /data/FAC/FBM/DEE/mrobinso/bgee_sensitive///rna_seq/GTF_16//Drosophila_melanogaster.BDGP6.46.single_nucleus.tx2gene: File exists
unxz: /data/FAC/FBM/DEE/mrobinso/bgee_sensitive///rna_seq/GTF_16//Gallus_gallus.bGalGal1.mat.broiler.GRCg7b.single_nucleus.tx2gene: File exists
unxz: /data/FAC/FBM/DEE/mrobinso/bgee_sensitive///rna_seq/GTF_16//Gorilla_gorilla.gorGor4.single_nucleus.tx2gene: File exists
unxz: /data/FAC/FBM/DEE/mrobinso/bgee_sensitive///rna_seq/GTF_16//Homo_sapiens.GRCh38.single_nucleus.tx2gene: File exists
unxz: /data/FAC/FBM/DEE/mrobinso/bgee_sensitive///rna_seq/GTF_16//Macaca_mulatta.Mmul_10.single_nucleus.tx2gene: File exists
unxz: /data/FAC/FBM/DEE/mrobinso/bgee_sensitive///rna_seq/GTF_16//Monodelphis_domestica.ASM229v1.single_nucleus.tx2gene: File exists
unxz: /data/FAC/FBM/DEE/mrobinso/bgee_sensitive///rna_seq/GTF_16//Mus_musculus.GRCm39.single_nucleus.tx2gene: File exists
unxz: /data/FAC/FBM/DEE/mrobinso/bgee_sensitive///rna_seq/GTF_16//Ornithorhynchus_anatinus.mOrnAna1.p.v1.single_nucleus.tx2gene: File exists
unxz: /data/FAC/FBM/DEE/mrobinso/bgee_sensitive///rna_seq/GTF_16//Pan_troglodytes.Pan_tro_3.0.single_nucleus.tx2gene: File exists
unxz: /data/FAC/FBM/DEE/mrobinso/bgee_sensitive///rna_seq/GTF_16//Sus_scrofa.Sscrofa11.1.single_nucleus.tx2gene: File exists
xz: /data/FAC/FBM/DEE/mrobinso/bgee_sensitive///rna_seq/GTF_16//Callithrix_jacchus.mCalJac1.pat.X.single_nucleus.tx2gene.xz: File exists
xz: /data/FAC/FBM/DEE/mrobinso/bgee_sensitive///rna_seq/GTF_16//Drosophila_melanogaster.BDGP6.46.single_nucleus.tx2gene.xz: File exists
xz: /data/FAC/FBM/DEE/mrobinso/bgee_sensitive///rna_seq/GTF_16//Gallus_gallus.bGalGal1.mat.broiler.GRCg7b.single_nucleus.tx2gene.xz: File exists
xz: /data/FAC/FBM/DEE/mrobinso/bgee_sensitive///rna_seq/GTF_16//Gorilla_gorilla.gorGor4.single_nucleus.tx2gene.xz: File exists
xz: /data/FAC/FBM/DEE/mrobinso/bgee_sensitive///rna_seq/GTF_16//Homo_sapiens.GRCh38.single_nucleus.tx2gene.xz: File exists
xz: /data/FAC/FBM/DEE/mrobinso/bgee_sensitive///rna_seq/GTF_16//Macaca_fascicularis.Macaca_fascicularis_6.0.tx2gene: No such file or directory
xz: /data/FAC/FBM/DEE/mrobinso/bgee_sensitive///rna_seq/GTF_16//Macaca_mulatta.Mmul_10.single_nucleus.tx2gene.xz: File exists
xz: /data/FAC/FBM/DEE/mrobinso/bgee_sensitive///rna_seq/GTF_16//Macaca_mulatta.Mmul_10.tx2gene: No such file or directory
xz: /data/FAC/FBM/DEE/mrobinso/bgee_sensitive///rna_seq/GTF_16//Macaca_nemestrina.Mnem_1.0.tx2gene: No such file or directory
xz: /data/FAC/FBM/DEE/mrobinso/bgee_sensitive///rna_seq/GTF_16//manis_javanica_GCF_040802235.1_MJ_LKY.tx2gene: No such file or directory
xz: /data/FAC/FBM/DEE/mrobinso/bgee_sensitive///rna_seq/GTF_16//Meleagris_gallopavo.Turkey_5.1.tx2gene: No such file or directory
xz: /data/FAC/FBM/DEE/mrobinso/bgee_sensitive///rna_seq/GTF_16//Microcebus_murinus.Mmur_3.0.tx2gene: No such file or directory
xz: /data/FAC/FBM/DEE/mrobinso/bgee_sensitive///rna_seq/GTF_16//Monodelphis_domestica.ASM229v1.single_nucleus.tx2gene.xz: File exists
xz: /data/FAC/FBM/DEE/mrobinso/bgee_sensitive///rna_seq/GTF_16//Monodelphis_domestica.ASM229v1.tx2gene: No such file or directory
xz: /data/FAC/FBM/DEE/mrobinso/bgee_sensitive///rna_seq/GTF_16//Mus_musculus.GRCm39.single_nucleus.tx2gene.xz: File exists
xz: /data/FAC/FBM/DEE/mrobinso/bgee_sensitive///rna_seq/GTF_16//Mus_musculus.GRCm39.tx2gene: No such file or directory
xz: /data/FAC/FBM/DEE/mrobinso/bgee_sensitive///rna_seq/GTF_16//Neolamprologus_brichardi.NeoBri1.0.tx2gene: No such file or directory
xz: /data/FAC/FBM/DEE/mrobinso/bgee_sensitive///rna_seq/GTF_16//Nothobranchius_furzeri.Nfu_20140520.tx2gene: No such file or directory
xz: /data/FAC/FBM/DEE/mrobinso/bgee_sensitive///rna_seq/GTF_16//Ornithorhynchus_anatinus.mOrnAna1.p.v1.single_nucleus.tx2gene.xz: File exists
xz: /data/FAC/FBM/DEE/mrobinso/bgee_sensitive///rna_seq/GTF_16//Ornithorhynchus_anatinus.mOrnAna1.p.v1.tx2gene: No such file or directory
xz: /data/FAC/FBM/DEE/mrobinso/bgee_sensitive///rna_seq/GTF_16//Oryctolagus_cuniculus.OryCun2.0.tx2gene: No such file or directory
xz: /data/FAC/FBM/DEE/mrobinso/bgee_sensitive///rna_seq/GTF_16//Oryzias_latipes.ASM223467v1.tx2gene: No such file or directory
xz: /data/FAC/FBM/DEE/mrobinso/bgee_sensitive///rna_seq/GTF_16//Ovis_aries.Oar_v3.1.tx2gene: No such file or directory
xz: /data/FAC/FBM/DEE/mrobinso/bgee_sensitive///rna_seq/GTF_16//Pan_paniscus.panpan1.1.tx2gene: No such file or directory
xz: /data/FAC/FBM/DEE/mrobinso/bgee_sensitive///rna_seq/GTF_16//Pan_troglodytes.Pan_tro_3.0.single_nucleus.tx2gene.xz: File exists
xz: /data/FAC/FBM/DEE/mrobinso/bgee_sensitive///rna_seq/GTF_16//Pan_troglodytes.Pan_tro_3.0.tx2gene: No such file or directory
xz: /data/FAC/FBM/DEE/mrobinso/bgee_sensitive///rna_seq/GTF_16//Papio_anubis.Panubis1.0.tx2gene: No such file or directory
xz: /data/FAC/FBM/DEE/mrobinso/bgee_sensitive///rna_seq/GTF_16//Poecilia_reticulata.Guppy_female_1.0_MT.tx2gene: No such file or directory
xz: /data/FAC/FBM/DEE/mrobinso/bgee_sensitive///rna_seq/GTF_16//Rattus_norvegicus.mRatBN7.2.tx2gene: No such file or directory
xz: /data/FAC/FBM/DEE/mrobinso/bgee_sensitive///rna_seq/GTF_16//Salmo_salar.Ssal_v3.1.tx2gene: No such file or directory
xz: /data/FAC/FBM/DEE/mrobinso/bgee_sensitive///rna_seq/GTF_16//Scophthalmus_maximus.ASM1334776v1.tx2gene: No such file or directory
xz: /data/FAC/FBM/DEE/mrobinso/bgee_sensitive///rna_seq/GTF_16//Sus_scrofa.Sscrofa11.1.single_nucleus.tx2gene.xz: File exists
xz: /data/FAC/FBM/DEE/mrobinso/bgee_sensitive///rna_seq/GTF_16//Sus_scrofa.Sscrofa11.1.tx2gene: No such file or directory
xz: /data/FAC/FBM/DEE/mrobinso/bgee_sensitive///rna_seq/GTF_16//xenopus_laevis_GCF_017654675.1_Xenopus_laevis_v10.1.tx2gene: No such file or directory
xz: /data/FAC/FBM/DEE/mrobinso/bgee_sensitive///rna_seq/GTF_16//Xenopus_tropicalis.UCB_Xtro_10.0.tx2gene.xz: File exists
